[thegleep.com/index.html]
[backblue.gif]
[fade.gif]
[index.html]
[thegleep.com/index.html]
[thegleep.com/index4875.html]
[thegleep.com/favicon.ico]
[thegleep.com/opensearch_desc.php]
[thegleep.com/api251f.php]
[thegleep.com/index890f.php]
[thegleep.com/load8335.css]
[thegleep.com/load484a.css]
[thegleep.com/load9316.php]
[thegleep.com/indexfa52.html]
[thegleep.com/index6fb0.html]
[thegleep.com/indexeb10.php]
[thegleep.com/indexf6f2.php]
[thegleep.com/index0c49.php]
[thegleep.com/index94bc.html]
[thegleep.com/indexa1df.html]
[thegleep.com/indexfe89.html]
[thegleep.com/theGleep.gif]
[thegleep.com/index38ca.html]
[thegleep.com/index3e10.html]
[thegleep.com/index3a06.html]
[thegleep.com/index5088.html]
[thegleep.com/index8778.html]
[thegleep.com/index9da6.html]
[thegleep.com/indexff8a.html]
[thegleep.com/indexcd0d.html]
[thegleep.com/indexcbc9.html]
[thegleep.com/index0c1f.html]
[thegleep.com/index2524.html]
[thegleep.com/index6093.html]
[thegleep.com/index09e4.html]
[thegleep.com/index7a00.html]
[thegleep.com/indexfc38.html]
[thegleep.com/indexdf61.html]
[thegleep.com/indexf03b.html]
[thegleep.com/index487b.html]
[thegleep.com/index561d.html]
[thegleep.com/indexbf24.html]
[thegleep.com/index35c2.html]
[thegleep.com/index7d31.html]
[thegleep.com/indexc7ac.html]
[thegleep.com/indexef8c.html]
[thegleep.com/skins/common/images/cc-by-nc-sa.png]
[thegleep.com/skins/common/images/poweredby_mediawiki_88x31.png]
[thegleep.com/index905f.php]
[thegleep.com/index8cc5.php]
[thegleep.com/index2c14.php]
[thegleep.com/index4875.html]
[thegleep.com/loadc9d9.php]
[thegleep.com/skins/common/images/Checker-16x161c4d.png]
[thegleep.com/load8335.css]
[thegleep.com/load484a.css]
[thegleep.com/index1f82.html]
[thegleep.com/index22db.php]
[thegleep.com/indexbdce.php]
[thegleep.com/index8fff.php]
[thegleep.com/index6be1.html]
[thegleep.com/index6db7.html]
[thegleep.com/index9cb6.html]
[thegleep.com/index646e.html]
[thegleep.com/index5609.html]
[thegleep.com/indexfa52.html]
[thegleep.com/indexdcea.html]
[thegleep.com/index326f.php]
[thegleep.com/index1f09.html]
[thegleep.com/indexd5b1.php]
[thegleep.com/index9717.html]
[thegleep.com/index411a.html]
[thegleep.com/index4a83.html]
[thegleep.com/index2e6b.html]
[thegleep.com/index6fb0.html]
[thegleep.com/indexf6f2.html]
[thegleep.com/index8215.html]
[thegleep.com/index3671.html]
[thegleep.com/index3d7a.html]
[thegleep.com/indexb776.html]
[thegleep.com/index8cba.html]
[thegleep.com/indexb323.html]
[thegleep.com/index94bc.html]
[thegleep.com/index0807.html]
[thegleep.com/index9ceb.php]
[thegleep.com/index1242.html]
[thegleep.com/index19cd.html]
[thegleep.com/index4014.html]
[thegleep.com/indexf69f.html]
[thegleep.com/index99aa.html]
[thegleep.com/index86af.html]
[thegleep.com/indexd604.html]
[thegleep.com/index127b.html]
[thegleep.com/indexa132.html]
[thegleep.com/index683b.html]
[thegleep.com/indexf6c0.html]
[thegleep.com/index32ee.html]
[thegleep.com/index89be.html]
[thegleep.com/index3827.html]
[thegleep.com/indexa2e6.html]
[thegleep.com/index2b27.html]
[thegleep.com/index476c.html]
[thegleep.com/index850b.html]
[thegleep.com/indexa659.html]
[thegleep.com/indexb964.html]
[thegleep.com/index4175.html]
[thegleep.com/index4f72.html]
[thegleep.com/indexb284.html]
[thegleep.com/index5e72.html]
[thegleep.com/indexe34c.html]
[thegleep.com/index0465.html]
[thegleep.com/indexf1b3.html]
[thegleep.com/index33d2.html]
[thegleep.com/index2d78.html]
[thegleep.com/index4666.html]
[thegleep.com/indexa89d.html]
[thegleep.com/index220f.html]
[thegleep.com/index0e0d.html]
[thegleep.com/indexcbad.html]
[thegleep.com/index3bf3.html]
[thegleep.com/index5552.html]
[thegleep.com/index63cf.html]
[thegleep.com/index4d50.html]
[thegleep.com/index3b21.html]
[thegleep.com/index7797.html]
[thegleep.com/indexc439.html]
[thegleep.com/index9da2.html]
[thegleep.com/index6db9.html]
[thegleep.com/index7d99.html]
[thegleep.com/indexb35c.html]
[thegleep.com/index9b27.html]
[thegleep.com/index0a8b.html]
[thegleep.com/index0154.html]
[thegleep.com/indexe82e.html]
[thegleep.com/indexdbb8.html]
[thegleep.com/index5011.html]
[thegleep.com/indexb5e9.html]
[thegleep.com/index024f.html]
[thegleep.com/indexefbe.html]
[thegleep.com/index6263.html]
[thegleep.com/index7da1.html]
[thegleep.com/index0616.html]
[thegleep.com/indexe79b.html]
[thegleep.com/index9a5b.html]
[thegleep.com/index99ce.html]
[thegleep.com/index9334.html]
[thegleep.com/index71cc.html]
[thegleep.com/index6c27.html]
[thegleep.com/index8835.html]
[thegleep.com/index55a7.html]
[thegleep.com/index27c5.html]
[thegleep.com/indexc85a.html]
[thegleep.com/indexc267.html]
[thegleep.com/index9442.html]
[thegleep.com/indexe0fb.html]
[thegleep.com/index102a.html]
[thegleep.com/index9d43.html]
[thegleep.com/indexc4ed.html]
[thegleep.com/index5d45.html]
[thegleep.com/indexa1cf.html]
[thegleep.com/index4fbe.html]
[thegleep.com/indexd3e0.html]
[thegleep.com/index9745.html]
[thegleep.com/index1224.html]
[thegleep.com/indexcfbb.html]
[thegleep.com/index65f8.html]
[thegleep.com/index77d7.html]
[thegleep.com/indexd918.php]
[thegleep.com/indexc0a9.php]
[thegleep.com/indexa1df.html]
[thegleep.com/indexfe89.html]
[thegleep.com/index6aca.html]
[thegleep.com/index8391.html]
[thegleep.com/index60c8.php]
[thegleep.com/indexdd74.php]
[thegleep.com/indexa61f.php]
[thegleep.com/index8bdd.html]
[thegleep.com/index2e2b.html]
[thegleep.com/index9f74.html]
[thegleep.com/index913b.html]
[thegleep.com/index4521.html]
[thegleep.com/index38ca.html]
[thegleep.com/index6ed2.html]
[thegleep.com/indexf958.html]
[thegleep.com/index7965.html]
[thegleep.com/indexa32b.html]
[thegleep.com/index9f61.html]
[thegleep.com/indexacf1.html]
[thegleep.com/index7345.html]
[thegleep.com/index43c5.html]
[thegleep.com/index0fe3.html]
[thegleep.com/indexde3a.html]
[thegleep.com/indexa89f.html]
[thegleep.com/indexe4ce.html]
[thegleep.com/indexe0ae.html]
[thegleep.com/index624b.html]
[thegleep.com/index5f31.html]
[thegleep.com/indexa011.html]
[thegleep.com/index68f2.html]
[thegleep.com/indexd71d.html]
[thegleep.com/index28dc.html]
[thegleep.com/indexd99b.html]
[thegleep.com/indexc0fb.html]
[thegleep.com/index20d2.html]
[thegleep.com/indexb66e.html]
[thegleep.com/index6f24.html]
[thegleep.com/indexc8ce.html]
[thegleep.com/index7b2b.html]
[thegleep.com/indexcef1.php]
[thegleep.com/index6070.php]
[thegleep.com/index98bf.php]
[thegleep.com/index24c7.html]
[thegleep.com/index6632.html]
[thegleep.com/indexe24f.html]
[thegleep.com/index6660.html]
[thegleep.com/index27e2.html]
[thegleep.com/index3e10.html]
[thegleep.com/index013d.html]
[thegleep.com/indexaa2f.html]
[thegleep.com/index5008.php]
[thegleep.com/indexb6ae.php]
[thegleep.com/index2ca1.php]
[thegleep.com/indexcc8d.html]
[thegleep.com/indexfa5f.html]
[thegleep.com/index2974.html]
[thegleep.com/index6804.html]
[thegleep.com/index6c34.html]
[thegleep.com/index3a06.html]
[thegleep.com/index2ffd.html]
[thegleep.com/index0542.html]
[thegleep.com/index5220.html]
[thegleep.com/indexd9ba.html]
[thegleep.com/index4821.html]
[thegleep.com/indexf110.html]
[thegleep.com/index5798.html]
[thegleep.com/index4788.html]
[thegleep.com/index569a.html]
[thegleep.com/index39f5.html]
[thegleep.com/indexbbfe.html]
[thegleep.com/index6fff.html]
[thegleep.com/index8364.html]
[thegleep.com/index3fd8.php]
[thegleep.com/index544e.php]
[thegleep.com/index438a.php]
[thegleep.com/index850e.html]
[thegleep.com/indexd783.html]
[thegleep.com/indexe5c7.html]
[thegleep.com/index35f4.html]
[thegleep.com/index988e.html]
[thegleep.com/index5088.html]
[thegleep.com/index4d10.html]
[thegleep.com/index9dc0.html]
[thegleep.com/index4d13.php]
[thegleep.com/indexd913.php]
[thegleep.com/index1413.php]
[thegleep.com/index8dfb.html]
[thegleep.com/indexfb7e.html]
[thegleep.com/indexe3fd.html]
[thegleep.com/indexbc2c.html]
[thegleep.com/index66e3.html]
[thegleep.com/index8778.html]
[thegleep.com/indexe9b3.html]
[thegleep.com/images/Blackwater_mountain.gif]
[thegleep.com/images/Catacombs.gif]
[thegleep.com/images/Clearing.gif]
[thegleep.com/images/Crossglen.gif]
[thegleep.com/images/Fallhaven.zip]
[thegleep.com/images/Fallhaven.gif]
[thegleep.com/images/Flagstone.gif]
[thegleep.com/images/Gargoylecave.gif]
[thegleep.com/images/Hauntedhouse.gif]
[thegleep.com/images/Houseatcrossroads.gif]
[thegleep.com/images/Jan_pitcave.gif]
[thegleep.com/images/Pwcave.zip]
[thegleep.com/images/Pwcave.gif]
[thegleep.com/images/Snakecave.gif]
[thegleep.com/images/Vilegard.gif]
[thegleep.com/images/WorldMap.gif]
[thegleep.com/images/WorldMap_Thumbnail.gif]
[thegleep.com/indexc1a2.html]
[thegleep.com/indexecb1.html]
[thegleep.com/index5a9e.php]
[thegleep.com/indexaebb.php]
[thegleep.com/index2902.php]
[thegleep.com/index4f1a.html]
[thegleep.com/index7eba.html]
[thegleep.com/index5b96.html]
[thegleep.com/indexf9d2.html]
[thegleep.com/indexbf15.html]
[thegleep.com/index9da6.html]
[thegleep.com/indexceca.html]
[thegleep.com/index896b.html]
[thegleep.com/index539a.php]
[thegleep.com/index1761.php]
[thegleep.com/index2deb.php]
[thegleep.com/index3d3a.html]
[thegleep.com/index3ec2.html]
[thegleep.com/index6147.html]
[thegleep.com/indexf4e9.html]
[thegleep.com/indexf705.html]
[thegleep.com/indexff8a.html]
[thegleep.com/index52f2.html]
[thegleep.com/index2262.html]
[thegleep.com/index6366.html]
[thegleep.com/indexae44.html]
[thegleep.com/indexfb56.php]
[thegleep.com/index019e.php]
[thegleep.com/index8e82.php]
[thegleep.com/index6c4d.html]
[thegleep.com/indexc8f9.html]
[thegleep.com/index5c47.html]
[thegleep.com/index5e94.html]
[thegleep.com/index59e2.html]
[thegleep.com/indexcd0d.html]
[thegleep.com/index35b2.html]
[thegleep.com/index78c2.html]
[thegleep.com/indexac3f.html]
[thegleep.com/index8552.html]
[thegleep.com/index993b.html]
[thegleep.com/index5d7a.php]
[thegleep.com/index50f3.php]
[thegleep.com/index3ef1.php]
[thegleep.com/indexbc08.html]
[thegleep.com/indexf6bd.html]
[thegleep.com/index39d0.html]
[thegleep.com/indexf25e.html]
[thegleep.com/index37b6.html]
[thegleep.com/indexcbc9.html]
[thegleep.com/index2fef.html]
[thegleep.com/indexfc53.html]
[thegleep.com/indexffd0.php]
[thegleep.com/index7c03.php]
[thegleep.com/index6622.php]
[thegleep.com/index9c14.html]
[thegleep.com/indexecbd.html]
[thegleep.com/index7e13.html]
[thegleep.com/index11c9.html]
[thegleep.com/index6d7d.html]
[thegleep.com/index0c1f.html]
[thegleep.com/indexccc5.html]
[thegleep.com/indexfcc1.html]
[thegleep.com/indexfb5d.html]
[thegleep.com/index3b3e.html]
[thegleep.com/indexd9a9.html]
[thegleep.com/index91eb.html]
[thegleep.com/indexf601.html]
[thegleep.com/indexb811.html]
[thegleep.com/index2a2a.html]
[thegleep.com/index678a.html]
[thegleep.com/index34b4.html]
[thegleep.com/index7f66.html]
[thegleep.com/index3686.html]
[thegleep.com/indexecc0.html]
[thegleep.com/indexdaa5.html]
[thegleep.com/index377e.html]
[thegleep.com/index777a.html]
[thegleep.com/index8993.html]
[thegleep.com/index3a13.html]
[thegleep.com/indexd275.html]
[thegleep.com/index38aa.html]
[thegleep.com/index3b39.html]
[thegleep.com/indexf059.html]
[thegleep.com/index1208.html]
[thegleep.com/indexb79b.html]
[thegleep.com/index8a04.html]
[thegleep.com/index8eee.html]
[thegleep.com/index3d50.html]
[thegleep.com/index497a.html]
[thegleep.com/index272e.html]
[thegleep.com/index28fe.html]
[thegleep.com/indexa04a.html]
[thegleep.com/indexf35e.html]
[thegleep.com/indexd6de.html]
[thegleep.com/indexce87.html]
[thegleep.com/index9fc6.html]
[thegleep.com/index53e7.html]
[thegleep.com/index86b7.html]
[thegleep.com/index0a6c.html]
[thegleep.com/indexf95d.html]
[thegleep.com/indexbcdc.html]
[thegleep.com/index2c85.html]
[thegleep.com/indexa675.html]
[thegleep.com/indexbd35.html]
[thegleep.com/indexf0ff.html]
[thegleep.com/indexe3e2.html]
[thegleep.com/index04f5.html]
[thegleep.com/index80bb.html]
[thegleep.com/indexdcd1.html]
[thegleep.com/index355c.html]
[thegleep.com/index0736.html]
[thegleep.com/index3ec7.html]
[thegleep.com/index7b1d.html]
[thegleep.com/index2c21.html]
[thegleep.com/indexf3a6.html]
[thegleep.com/index7add.html]
[thegleep.com/index4118.html]
[thegleep.com/indexec2e.html]
[thegleep.com/index054c.html]
[thegleep.com/indexdbca.html]
[thegleep.com/index5dc1.html]
[thegleep.com/index0bdf.html]
[thegleep.com/index3254.html]
[thegleep.com/index384b.html]
[thegleep.com/index410c.html]
[thegleep.com/index26f8.html]
[thegleep.com/indexfb60.html]
[thegleep.com/index55d1.html]
[thegleep.com/index916b.html]
[thegleep.com/indexe511.html]
[thegleep.com/index8b72.html]
[thegleep.com/indexf513.html]
[thegleep.com/index1e0d.html]
[thegleep.com/index3d5c.html]
[thegleep.com/indexf520.html]
[thegleep.com/index1dac.html]
[thegleep.com/index7402.html]
[thegleep.com/index22b2.html]
[thegleep.com/indexa483.html]
[thegleep.com/index25c4.html]
[thegleep.com/index52c3.html]
[thegleep.com/index844d.html]
[thegleep.com/index2b61.html]
[thegleep.com/index8cbc.html]
[thegleep.com/index6dc6.html]
[thegleep.com/indexcd46.html]
[thegleep.com/indexd997.html]
[thegleep.com/index02d7.html]
[thegleep.com/indexf347.html]
[thegleep.com/index689f.html]
[thegleep.com/index638b.html]
[thegleep.com/indexe804.html]
[thegleep.com/indexaba7.html]
[thegleep.com/index4ab3.html]
[thegleep.com/index79f7.html]
[thegleep.com/indexd23f.html]
[thegleep.com/index6038.html]
[thegleep.com/index6738.html]
[thegleep.com/index09f5.html]
[thegleep.com/indexd18b.html]
[thegleep.com/indexaee4.html]
[thegleep.com/indexe859.html]
[thegleep.com/index6a07.html]
[thegleep.com/index17bc.html]
[thegleep.com/indexe9ef.html]
[thegleep.com/index5f90.html]
[thegleep.com/index8f8d.html]
[thegleep.com/index3daf.html]
[thegleep.com/index3e1f.html]
[thegleep.com/index60fa.html]
[thegleep.com/index3d44.html]
[thegleep.com/indexd7db.html]
[thegleep.com/index0f85.html]
[thegleep.com/index5d35.html]
[thegleep.com/index2391.html]
[thegleep.com/indexb179.html]
[thegleep.com/index6f0a.html]
[thegleep.com/index4144.html]
[thegleep.com/indexc8af.html]
[thegleep.com/index2e42.html]
[thegleep.com/index7bb1.html]
[thegleep.com/indexe19c.html]
[thegleep.com/index713e.html]
[thegleep.com/index2ac9.html]
[thegleep.com/index0d51.html]
[thegleep.com/indexe327.html]
[thegleep.com/indexf732.html]
[thegleep.com/index6bb9.html]
[thegleep.com/index3bd2.html]
[thegleep.com/index8bb9.html]
[thegleep.com/indexcf1c.html]
[thegleep.com/index407c.html]
[thegleep.com/indexdc5b.html]
[thegleep.com/indexa20f.html]
[thegleep.com/index5fda.html]
[thegleep.com/index56ab.html]
[thegleep.com/indexe950.html]
[thegleep.com/index694f.html]
[thegleep.com/indexa25e.html]
[thegleep.com/indexa5b7.html]
[thegleep.com/indexcd26.php]
[thegleep.com/index3c57.php]
[thegleep.com/index4286.php]
[thegleep.com/index092c.html]
[thegleep.com/indexbbdb.html]
[thegleep.com/indexf168.html]
[thegleep.com/index602b.html]
[thegleep.com/index7263.html]
[thegleep.com/index2524.html]
[thegleep.com/index501b.html]
[thegleep.com/images/Music-segno.png]
[thegleep.com/index7ce8.html]
[thegleep.com/index8bb5.php]
[thegleep.com/indexf63c.php]
[thegleep.com/index4b9d.php]
[thegleep.com/index8f28.html]
[thegleep.com/index8191.html]
[thegleep.com/index2474.html]
[thegleep.com/index76e9.html]
[thegleep.com/index71b2.html]
[thegleep.com/index6093.html]
[thegleep.com/index24d0.html]
[thegleep.com/FreeRootBeer/2012-01-(Jan)-15/Folsom Prison Blues.mp3]
[thegleep.com/FreeRootBeer/2012-01-(Jan)-15/Vengeance take 1.mp3]
[thegleep.com/FreeRootBeer/2012-01-(Jan)-15/Vengeance Take 2 (No Bass).mp3]
[thegleep.com/FreeRootBeer/2012-01-(Jan)-15/Vengeance Take 3.mp3]
[thegleep.com/FreeRootBeer/2012-01-(Jan)-15/Unveiling.mp3]
[thegleep.com/FreeRootBeer/2012-02-(Feb)-05/Vengeance.mp3]
[thegleep.com/FreeRootBeer/2012-03-(Mar)-04/Bass Jam 1.mp3]
[thegleep.com/FreeRootBeer/2012-03-(Mar)-04/Bass Jam 2.mp3]
[thegleep.com/index334f.html]
[thegleep.com/index1571.php]
[thegleep.com/index8eb2.php]
[thegleep.com/index7179.php]
[thegleep.com/indexe4a0.html]
[thegleep.com/index3b9c.html]
[thegleep.com/index96e8.html]
[thegleep.com/index980e.html]
[thegleep.com/indexf2a5.html]
[thegleep.com/indexa058.html]
[thegleep.com/index09e4.html]
[thegleep.com/indexa81f.html]
[thegleep.com/index5d98.php]
[thegleep.com/index595d.php]
[thegleep.com/indexb361.php]
[thegleep.com/index62da.html]
[thegleep.com/index5293.html]
[thegleep.com/indexc9c9.html]
[thegleep.com/index7733.html]
[thegleep.com/index52ba.html]
[thegleep.com/index7043.html]
[thegleep.com/index7a00.html]
[thegleep.com/index6568.html]
[thegleep.com/indexe565.php]
[thegleep.com/indexa1a6.php]
[thegleep.com/indexc338.php]
[thegleep.com/index5479.html]
[thegleep.com/index4997.html]
[thegleep.com/indexd001.html]
[thegleep.com/indexc013.html]
[thegleep.com/index76f5.html]
[thegleep.com/index3e05.html]
[thegleep.com/indexfc38.html]
[thegleep.com/index70e9.html]
[thegleep.com/index5455.html]
[thegleep.com/index2a44.php]
[thegleep.com/indexc910.php]
[thegleep.com/index63d2.php]
[thegleep.com/index1434.html]
[thegleep.com/index10b0.html]
[thegleep.com/index4015.html]
[thegleep.com/index430b.html]
[thegleep.com/indexc43d.html]
[thegleep.com/indexdf61.html]
[thegleep.com/indexff3e.html]
[thegleep.com/index0879.html]
[thegleep.com/indexcf5a.html]
[thegleep.com/index05f3.html]
[thegleep.com/indexae60.html]
[thegleep.com/index38e6.html]
[thegleep.com/index8f19.php]
[thegleep.com/index7ff9.php]
[thegleep.com/index37d5.php]
[thegleep.com/indexd63b.html]
[thegleep.com/index0281.html]
[thegleep.com/indexd371.html]
[thegleep.com/indexdb10.html]
[thegleep.com/indexb309.html]
[thegleep.com/indexf03b.html]
[thegleep.com/indexca76.html]
[thegleep.com/indexd76d.html]
[thegleep.com/indexf66a.html]
[thegleep.com/index9bbd.php]
[thegleep.com/index4312.php]
[thegleep.com/index57b0.php]
[thegleep.com/index5bcf.html]
[thegleep.com/index8ebf.html]
[thegleep.com/index0af0.html]
[thegleep.com/index2d52.html]
[thegleep.com/index4c96.html]
[thegleep.com/index487b.html]
[thegleep.com/indexb02e.html]
[thegleep.com/indexde27.html]
[thegleep.com/indexf30b.html]
[thegleep.com/indexb7ae.php]
[thegleep.com/indexc2a9.php]
[thegleep.com/index23f2.php]
[thegleep.com/index59b2.html]
[thegleep.com/indexca83.html]
[thegleep.com/indexca28.html]
[thegleep.com/index43b9.html]
[thegleep.com/indexf9f8.html]
[thegleep.com/index561d.html]
[thegleep.com/index93a7.html]
[thegleep.com/index9112.html]
[thegleep.com/index169e.php]
[thegleep.com/indexf7f2.php]
[thegleep.com/index1a44.php]
[thegleep.com/index3a30.html]
[thegleep.com/indexa1bf.html]
[thegleep.com/index320c.html]
[thegleep.com/index2098.html]
[thegleep.com/index1a56.html]
[thegleep.com/indexbf24.html]
[thegleep.com/index9d15.html]
[thegleep.com/index2812.html]
[thegleep.com/indexb110.html]
[thegleep.com/indexaaef.html]
[thegleep.com/index9d0f.html]
[thegleep.com/indexd8eb.html]
[thegleep.com/index811d.html]
[thegleep.com/index2ff7.html]
[thegleep.com/index4675.html]
[thegleep.com/index0c94.html]
[thegleep.com/index900a.html]
[thegleep.com/index35c2.html]
[thegleep.com/indexff9f.html]
[thegleep.com/index9767.php]
[thegleep.com/load2c01.css]
[thegleep.com/index8053.html]
[thegleep.com/index0ff7.html]
[thegleep.com/index17fb.html]
[thegleep.com/index6c58.html]
[thegleep.com/index2165.html]
[thegleep.com/indexc4ec.html]
[thegleep.com/index1d2d.html]
[thegleep.com/index5455-2.html]
[thegleep.com/index9111.html]
[thegleep.com/index7f75.html]
[thegleep.com/indexd944.html]
[thegleep.com/index7271.html]
[thegleep.com/indexbf55.html]
[thegleep.com/index8e2f.html]
[thegleep.com/indexeab1.html]
[thegleep.com/index750e.html]
[thegleep.com/index7d31.html]
[thegleep.com/indexbdac.html]
[thegleep.com/load0dc9.css]
[thegleep.com/indexd1dc.html]
[thegleep.com/index2786.html]
[thegleep.com/index9fa7.html]
[thegleep.com/index0a7c.html]
[thegleep.com/index84b1.html]
[thegleep.com/indexa1ba.html]
[thegleep.com/index4efc.html]
[thegleep.com/index950d.html]
[thegleep.com/indexb829.html]
[thegleep.com/index3b7c.html]
[thegleep.com/index05ad.html]
[thegleep.com/index18af.html]
[thegleep.com/indexcd05.html]
[thegleep.com/index3829.html]
[thegleep.com/index6a68.html]
[thegleep.com/index8419.html]
[thegleep.com/index0669.html]
[thegleep.com/index3b56.html]
[thegleep.com/indexd471.html]
[thegleep.com/index7945.html]
[thegleep.com/index0711.html]
[thegleep.com/index6783.html]
[thegleep.com/indexde0d.html]
[thegleep.com/index24e5.html]
[thegleep.com/indexb869.html]
[thegleep.com/index2d80.html]
[thegleep.com/index76fe.html]
[thegleep.com/index1a90.html]
[thegleep.com/index3eca.html]
[thegleep.com/indexc042.html]
[thegleep.com/index7e6a.html]
[thegleep.com/index2699.html]
[thegleep.com/indexc08f.html]
[thegleep.com/index1628.html]
[thegleep.com/index3569.html]
[thegleep.com/indexded7.html]
[thegleep.com/index332f.html]
[thegleep.com/indexb84b.html]
[thegleep.com/indexa414.html]
[thegleep.com/index1cfc.html]
[thegleep.com/index44f7.html]
[thegleep.com/index3d6b.html]
[thegleep.com/index08f1.html]
[thegleep.com/index8225.html]
[thegleep.com/index8a07.html]
[thegleep.com/index45dd.html]
[thegleep.com/index2b33.html]
[thegleep.com/index9a61.html]
[thegleep.com/index2d50.html]
[thegleep.com/indexe997.html]
[thegleep.com/index0eec.html]
[thegleep.com/index90c7.html]
[thegleep.com/index5441.html]
[thegleep.com/index6efd.html]
[thegleep.com/indexfc2e.php]
[thegleep.com/indexa8de.php]
[thegleep.com/index7809.html]
[thegleep.com/indexf417.html]
[thegleep.com/index195d.html]
[thegleep.com/index0d33.html]
[thegleep.com/index96a9.html]
[thegleep.com/index102a-2.html]
[thegleep.com/indexf2c5.html]
[thegleep.com/indexddd4.html]
[thegleep.com/indexb072.html]
[thegleep.com/indexf35f.html]
[thegleep.com/indexdfa1.html]
[thegleep.com/index6bfb.html]
[thegleep.com/index0b40.html]
[thegleep.com/indexe109.html]
[thegleep.com/index9932.html]
[thegleep.com/index042b.html]
[thegleep.com/index881d.html]
[thegleep.com/indexc7ac.html]
[thegleep.com/indexc2a7.html]
[thegleep.com/index5b80.html]
[thegleep.com/indexef8c.html]
[thegleep.com/index1f82.html]
[thegleep.com/index6be1.html]
[thegleep.com/index6db7.html]
[thegleep.com/index9cb6.html]
[thegleep.com/index646e.html]
[thegleep.com/index5609.html]
[thegleep.com/indexdcea.html]
[thegleep.com/index1f09.html]
[thegleep.com/index9717.html]
[thegleep.com/index411a.html]
[thegleep.com/index4a83.html]
[thegleep.com/index2e6b.html]
[thegleep.com/index8215.html]
[thegleep.com/index3671.html]
[thegleep.com/index3d7a.html]
[thegleep.com/indexb776.html]
[thegleep.com/index8cba.html]
[thegleep.com/indexb323.html]
[thegleep.com/index0807.html]
[thegleep.com/index1242.html]
[thegleep.com/index19cd.html]
[thegleep.com/index4014.html]
[thegleep.com/indexf69f.html]
[thegleep.com/index99aa.html]
[thegleep.com/index86af.html]
[thegleep.com/indexd604.html]
[thegleep.com/index127b.html]
[thegleep.com/indexa132.html]
[thegleep.com/index683b.html]
[thegleep.com/indexf6c0.html]
[thegleep.com/index32ee.html]
[thegleep.com/index89be.html]
[thegleep.com/index3827.html]
[thegleep.com/indexa2e6.html]
[thegleep.com/index2b27.html]
[thegleep.com/index476c.html]
[thegleep.com/index850b.html]
[thegleep.com/indexa659.html]
[thegleep.com/indexb964.html]
[thegleep.com/index4e5a.html]
[thegleep.com/index4175.html]
[thegleep.com/index4f72.html]
[thegleep.com/indexb284.html]
[thegleep.com/index5e72.html]
[thegleep.com/indexe34c.html]
[thegleep.com/index0465.html]
[thegleep.com/indexf1b3.html]
[thegleep.com/index33d2.html]
[thegleep.com/index2d78.html]
[thegleep.com/index4666.html]
[thegleep.com/indexa89d.html]
[thegleep.com/index220f.html]
[thegleep.com/index0e0d.html]
[thegleep.com/indexcbad.html]
[thegleep.com/index3bf3.html]
[thegleep.com/index5552.html]
[thegleep.com/index63cf.html]
[thegleep.com/index4d50.html]
[thegleep.com/index3b21.html]
[thegleep.com/index7797.html]
[thegleep.com/indexc439.html]
[thegleep.com/index9da2.html]
[thegleep.com/index6db9.html]
[thegleep.com/index7d99.html]
[thegleep.com/indexb35c.html]
[thegleep.com/index9b27.html]
[thegleep.com/index0a8b.html]
[thegleep.com/index0154.html]
[thegleep.com/indexe82e.html]
[thegleep.com/indexdbb8.html]
[thegleep.com/index5011.html]
[thegleep.com/indexb5e9.html]
[thegleep.com/index024f.html]
[thegleep.com/indexefbe.html]
[thegleep.com/index6263.html]
[thegleep.com/index7da1.html]
[thegleep.com/index0616.html]
[thegleep.com/indexe79b.html]
[thegleep.com/index9a5b.html]
[thegleep.com/index99ce.html]
[thegleep.com/index9334.html]
[thegleep.com/index71cc.html]
[thegleep.com/index6c27.html]
[thegleep.com/index8835.html]
[thegleep.com/index55a7.html]
[thegleep.com/index27c5.html]
[thegleep.com/indexc85a.html]
[thegleep.com/indexc267.html]
[thegleep.com/index9442.html]
[thegleep.com/indexe0fb.html]
[thegleep.com/index102a.html]
[thegleep.com/index9d43.html]
[thegleep.com/indexc4ed.html]
[thegleep.com/index5d45.html]
[thegleep.com/indexa1cf.html]
[thegleep.com/index4fbe.html]
[thegleep.com/indexd3e0.html]
[thegleep.com/index9745.html]
[thegleep.com/index1224.html]
[thegleep.com/indexcfbb.html]
[thegleep.com/index65f8.html]
[thegleep.com/index77d7.html]
[thegleep.com/index6aca.html]
[thegleep.com/index8391.html]
[thegleep.com/index8bdd.html]
[thegleep.com/index2e2b.html]
[thegleep.com/index9f74.html]
[thegleep.com/index913b.html]
[thegleep.com/index4521.html]
[thegleep.com/index6ed2.html]
[thegleep.com/indexf958.html]
[thegleep.com/index7965.html]
[thegleep.com/indexa32b.html]
[thegleep.com/index9f61.html]
[thegleep.com/indexacf1.html]
[thegleep.com/index7345.html]
[thegleep.com/index43c5.html]
[thegleep.com/index0fe3.html]
[thegleep.com/indexde3a.html]
[thegleep.com/indexa89f.html]
[thegleep.com/indexe4ce.html]
[thegleep.com/indexe0ae.html]
[thegleep.com/index624b.html]
[thegleep.com/index5f31.html]
[thegleep.com/indexa011.html]
[thegleep.com/index68f2.html]
[thegleep.com/indexd71d.html]
[thegleep.com/index28dc.html]
[thegleep.com/indexd99b.html]
[thegleep.com/indexc0fb.html]
[thegleep.com/index20d2.html]
[thegleep.com/indexb66e.html]
[thegleep.com/index6f24.html]
[thegleep.com/indexc8ce.html]
[thegleep.com/index7b2b.html]
[thegleep.com/index24c7.html]
[thegleep.com/index6632.html]
[thegleep.com/indexe24f.html]
[thegleep.com/index6660.html]
[thegleep.com/index27e2.html]
[thegleep.com/index013d.html]
[thegleep.com/indexaa2f.html]
[thegleep.com/indexcc8d.html]
[thegleep.com/indexfa5f.html]
[thegleep.com/index2974.html]
[thegleep.com/index6804.html]
[thegleep.com/index6c34.html]
[thegleep.com/index2ffd.html]
[thegleep.com/index0542.html]
[thegleep.com/index5220.html]
[thegleep.com/indexd9ba.html]
[thegleep.com/index4821.html]
[thegleep.com/indexf110.html]
[thegleep.com/index5798.html]
[thegleep.com/index4788.html]
[thegleep.com/index569a.html]
[thegleep.com/index39f5.html]
[thegleep.com/indexbbfe.html]
[thegleep.com/index6fff.html]
[thegleep.com/index8364.html]
[thegleep.com/index850e.html]
[thegleep.com/indexd783.html]
[thegleep.com/indexe5c7.html]
[thegleep.com/index35f4.html]
[thegleep.com/index988e.html]
[thegleep.com/index4d10.html]
[thegleep.com/index9dc0.html]
[thegleep.com/index8dfb.html]
[thegleep.com/indexfb7e.html]
[thegleep.com/indexe3fd.html]
[thegleep.com/indexbc2c.html]
[thegleep.com/index66e3.html]
[thegleep.com/indexe9b3.html]
[thegleep.com/images/Blackwater_mountain.html]
[thegleep.com/images/Catacombs.html]
[thegleep.com/images/Clearing.html]
[thegleep.com/images/Crossglen.html]
[thegleep.com/images/Blackwater_mountain.gif]
[thegleep.com/images/Catacombs.gif]
[thegleep.com/images/Crossglen.gif]
[thegleep.com/images/Fallhaven.zip]
[thegleep.com/images/Fallhaven.gif]
[thegleep.com/images/Flagstone.html]
[thegleep.com/images/Flagstone.gif]
[thegleep.com/images/Gargoylecave.html]
[thegleep.com/images/Hauntedhouse.html]
[thegleep.com/images/Houseatcrossroads.html]
[thegleep.com/images/Jan_pitcave.html]
[thegleep.com/images/Pwcave.zip]
[thegleep.com/images/Pwcave.gif]
[thegleep.com/images/Snakecave.html]
[thegleep.com/images/Vilegard.html]
[thegleep.com/images/Vilegard.gif]
[thegleep.com/images/WorldMap_Thumbnail.gif]
[thegleep.com/indexc1a2.html]
[thegleep.com/indexecb1.html]
[thegleep.com/index4f1a.html]
[thegleep.com/index7eba.html]
[thegleep.com/index5b96.html]
[thegleep.com/indexf9d2.html]
[thegleep.com/indexbf15.html]
[thegleep.com/indexceca.html]
[thegleep.com/index896b.html]
[thegleep.com/index3d3a.html]
[thegleep.com/index3ec2.html]
[thegleep.com/index6147.html]
[thegleep.com/indexf4e9.html]
[thegleep.com/indexf705.html]
[thegleep.com/index52f2.html]
[thegleep.com/index2262.html]
[thegleep.com/index6366.html]
[thegleep.com/indexae44.html]
[thegleep.com/index6c4d.html]
[thegleep.com/indexc8f9.html]
[thegleep.com/index5c47.html]
[thegleep.com/index5e94.html]
[thegleep.com/index59e2.html]
[thegleep.com/index35b2.html]
[thegleep.com/index78c2.html]
[thegleep.com/indexac3f.html]
[thegleep.com/index8552.html]
[thegleep.com/index993b.html]
[thegleep.com/indexbc08.html]
[thegleep.com/indexf6bd.html]
[thegleep.com/index39d0.html]
[thegleep.com/indexf25e.html]
[thegleep.com/index37b6.html]
[thegleep.com/index2fef.html]
[thegleep.com/indexfc53.html]
[thegleep.com/index9c14.html]
[thegleep.com/indexecbd.html]
[thegleep.com/index7e13.html]
[thegleep.com/index11c9.html]
[thegleep.com/index6d7d.html]
[thegleep.com/indexccc5.html]
[thegleep.com/indexfcc1.html]
[thegleep.com/indexfb5d.html]
[thegleep.com/index3b3e.html]
[thegleep.com/indexd9a9.html]
[thegleep.com/index91eb.html]
[thegleep.com/indexf601.html]
[thegleep.com/indexb811.html]
[thegleep.com/index2a2a.html]
[thegleep.com/index678a.html]
[thegleep.com/index34b4.html]
[thegleep.com/index7f66.html]
[thegleep.com/index3686.html]
[thegleep.com/indexecc0.html]
[thegleep.com/indexdaa5.html]
[thegleep.com/index377e.html]
[thegleep.com/index777a.html]
[thegleep.com/index8993.html]
[thegleep.com/index3a13.html]
[thegleep.com/indexd275.html]
[thegleep.com/index38aa.html]
[thegleep.com/index3b39.html]
[thegleep.com/indexf059.html]
[thegleep.com/index1208.html]
[thegleep.com/indexb79b.html]
[thegleep.com/index8a04.html]
[thegleep.com/index8eee.html]
[thegleep.com/index3d50.html]
[thegleep.com/index497a.html]
[thegleep.com/index272e.html]
[thegleep.com/index28fe.html]
[thegleep.com/indexa04a.html]
[thegleep.com/indexf35e.html]
[thegleep.com/indexd6de.html]
[thegleep.com/indexce87.html]
[thegleep.com/index9fc6.html]
[thegleep.com/index53e7.html]
[thegleep.com/index86b7.html]
[thegleep.com/index0a6c.html]
[thegleep.com/indexf95d.html]
[thegleep.com/indexbcdc.html]
[thegleep.com/index2c85.html]
[thegleep.com/indexa675.html]
[thegleep.com/indexbd35.html]
[thegleep.com/indexf0ff.html]
[thegleep.com/indexe3e2.html]
[thegleep.com/index04f5.html]
[thegleep.com/index80bb.html]
[thegleep.com/indexdcd1.html]
[thegleep.com/index355c.html]
[thegleep.com/index0736.html]
[thegleep.com/index3ec7.html]
[thegleep.com/index7b1d.html]
[thegleep.com/index2c21.html]
[thegleep.com/indexf3a6.html]
[thegleep.com/index7add.html]
[thegleep.com/index4118.html]
[thegleep.com/indexec2e.html]
[thegleep.com/index054c.html]
[thegleep.com/indexdbca.html]
[thegleep.com/index5dc1.html]
[thegleep.com/index0bdf.html]
[thegleep.com/index3254.html]
[thegleep.com/index384b.html]
[thegleep.com/index410c.html]
[thegleep.com/index26f8.html]
[thegleep.com/indexfb60.html]
[thegleep.com/index55d1.html]
[thegleep.com/index916b.html]
[thegleep.com/indexe511.html]
[thegleep.com/index8b72.html]
[thegleep.com/indexf513.html]
[thegleep.com/index1e0d.html]
[thegleep.com/index3d5c.html]
[thegleep.com/indexf520.html]
[thegleep.com/index1dac.html]
[thegleep.com/index7402.html]
[thegleep.com/index22b2.html]
[thegleep.com/indexa483.html]
[thegleep.com/index25c4.html]
[thegleep.com/index52c3.html]
[thegleep.com/index844d.html]
[thegleep.com/index2b61.html]
[thegleep.com/index8cbc.html]
[thegleep.com/index6dc6.html]
[thegleep.com/indexcd46.html]
[thegleep.com/indexd997.html]
[thegleep.com/index02d7.html]
[thegleep.com/indexf347.html]
[thegleep.com/index689f.html]
[thegleep.com/index638b.html]
[thegleep.com/indexe804.html]
[thegleep.com/indexaba7.html]
[thegleep.com/index4ab3.html]
[thegleep.com/index79f7.html]
[thegleep.com/indexd23f.html]
[thegleep.com/index6038.html]
[thegleep.com/index6738.html]
[thegleep.com/index09f5.html]
[thegleep.com/indexd18b.html]
[thegleep.com/indexaee4.html]
[thegleep.com/indexe859.html]
[thegleep.com/index6a07.html]
[thegleep.com/index17bc.html]
[thegleep.com/indexe9ef.html]
[thegleep.com/index5f90.html]
[thegleep.com/index8f8d.html]
[thegleep.com/index3daf.html]
[thegleep.com/index3e1f.html]
[thegleep.com/index60fa.html]
[thegleep.com/index3d44.html]
[thegleep.com/indexd7db.html]
[thegleep.com/index0f85.html]
[thegleep.com/index5d35.html]
[thegleep.com/index2391.html]
[thegleep.com/indexb179.html]
[thegleep.com/index6f0a.html]
[thegleep.com/index4144.html]
[thegleep.com/indexc8af.html]
[thegleep.com/index2e42.html]
[thegleep.com/index7bb1.html]
[thegleep.com/indexe19c.html]
[thegleep.com/index713e.html]
[thegleep.com/index2ac9.html]
[thegleep.com/index0d51.html]
[thegleep.com/indexe327.html]
[thegleep.com/indexf732.html]
[thegleep.com/index6bb9.html]
[thegleep.com/index3bd2.html]
[thegleep.com/index8bb9.html]
[thegleep.com/indexcf1c.html]
[thegleep.com/index407c.html]
[thegleep.com/indexdc5b.html]
[thegleep.com/indexa20f.html]
[thegleep.com/index5fda.html]
[thegleep.com/index56ab.html]
[thegleep.com/indexe950.html]
[thegleep.com/index694f.html]
[thegleep.com/indexa25e.html]
[thegleep.com/indexa5b7.html]
[thegleep.com/index092c.html]
[thegleep.com/indexbbdb.html]
[thegleep.com/indexf168.html]
[thegleep.com/index602b.html]
[thegleep.com/index7263.html]
[thegleep.com/index501b.html]
[thegleep.com/index7ce8.html]
[thegleep.com/index8f28.html]
[thegleep.com/index8191.html]
[thegleep.com/index2474.html]
[thegleep.com/index76e9.html]
[thegleep.com/index71b2.html]
[thegleep.com/index24d0.html]
[thegleep.com/FreeRootBeer/2012-01-(Jan)-15/Vengeance take 1.mp3]
[thegleep.com/FreeRootBeer/2012-01-(Jan)-15/Vengeance Take 2 (No Bass).mp3]
[thegleep.com/FreeRootBeer/2012-02-(Feb)-05/Vengeance.mp3]
[thegleep.com/index334f.html]
[thegleep.com/indexe4a0.html]
[thegleep.com/index3b9c.html]
[thegleep.com/index96e8.html]
[thegleep.com/index980e.html]
[thegleep.com/indexf2a5.html]
[thegleep.com/indexa058.html]
[thegleep.com/indexa81f.html]
[thegleep.com/index62da.html]
[thegleep.com/index5293.html]
[thegleep.com/indexc9c9.html]
[thegleep.com/index7733.html]
[thegleep.com/index52ba.html]
[thegleep.com/index7043.html]
[thegleep.com/index6568.html]
[thegleep.com/index5479.html]
[thegleep.com/index4997.html]
[thegleep.com/indexd001.html]
[thegleep.com/indexc013.html]
[thegleep.com/index76f5.html]
[thegleep.com/index3e05.html]
[thegleep.com/index70e9.html]
[thegleep.com/index5455.html]
[thegleep.com/index1434.html]
[thegleep.com/index10b0.html]
[thegleep.com/index4015.html]
[thegleep.com/index430b.html]
[thegleep.com/indexc43d.html]
[thegleep.com/indexff3e.html]
[thegleep.com/index0879.html]
[thegleep.com/indexcf5a.html]
[thegleep.com/index05f3.html]
[thegleep.com/indexae60.html]
[thegleep.com/index38e6.html]
[thegleep.com/indexd63b.html]
[thegleep.com/index0281.html]
[thegleep.com/indexd371.html]
[thegleep.com/indexdb10.html]
[thegleep.com/indexb309.html]
[thegleep.com/indexca76.html]
[thegleep.com/indexd76d.html]
[thegleep.com/indexf66a.html]
[thegleep.com/index5bcf.html]
[thegleep.com/index8ebf.html]
[thegleep.com/index0af0.html]
[thegleep.com/index2d52.html]
[thegleep.com/index4c96.html]
[thegleep.com/indexb02e.html]
[thegleep.com/indexde27.html]
[thegleep.com/indexf30b.html]
[thegleep.com/index59b2.html]
[thegleep.com/indexca83.html]
[thegleep.com/indexca28.html]
[thegleep.com/index43b9.html]
[thegleep.com/indexf9f8.html]
[thegleep.com/index93a7.html]
[thegleep.com/index9112.html]
[thegleep.com/index3a30.html]
[thegleep.com/indexa1bf.html]
[thegleep.com/index320c.html]
[thegleep.com/index2098.html]
[thegleep.com/index1a56.html]
[thegleep.com/index9d15.html]
[thegleep.com/index2812.html]
[thegleep.com/indexb110.html]
[thegleep.com/indexaaef.html]
[thegleep.com/index9d0f.html]
[thegleep.com/indexd8eb.html]
[thegleep.com/index811d.html]
[thegleep.com/index2ff7.html]
[thegleep.com/index4675.html]
[thegleep.com/index0c94.html]
[thegleep.com/index900a.html]
[thegleep.com/indexff9f.html]
[thegleep.com/load2c01.css]
[thegleep.com/index8053.html]
[thegleep.com/index0ff7.html]
[thegleep.com/index17fb.html]
[thegleep.com/index6c58.html]
[thegleep.com/index2165.html]
[thegleep.com/indexc4ec.html]
[thegleep.com/index1d2d.html]
[thegleep.com/index5455-2.html]
[thegleep.com/index9111.html]
[thegleep.com/index7f75.html]
[thegleep.com/indexd944.html]
[thegleep.com/index7271.html]
[thegleep.com/indexbf55.html]
[thegleep.com/index8e2f.html]
[thegleep.com/indexeab1.html]
[thegleep.com/index750e.html]
[thegleep.com/indexbdac.html]
[thegleep.com/load0dc9.css]
[thegleep.com/indexd1dc.html]
[thegleep.com/index2786.html]
[thegleep.com/index9fa7.html]
[thegleep.com/index0a7c.html]
[thegleep.com/index84b1.html]
[thegleep.com/indexa1ba.html]
[thegleep.com/index4efc.html]
[thegleep.com/index950d.html]
[thegleep.com/indexb829.html]
[thegleep.com/index3b7c.html]
[thegleep.com/index05ad.html]
[thegleep.com/index18af.html]
[thegleep.com/indexcd05.html]
[thegleep.com/index3829.html]
[thegleep.com/index6a68.html]
[thegleep.com/index8419.html]
[thegleep.com/index0669.html]
[thegleep.com/index3b56.html]
[thegleep.com/indexd471.html]
[thegleep.com/index7945.html]
[thegleep.com/index0711.html]
[thegleep.com/index6783.html]
[thegleep.com/indexde0d.html]
[thegleep.com/index24e5.html]
[thegleep.com/indexb869.html]
[thegleep.com/index2d80.html]
[thegleep.com/index76fe.html]
[thegleep.com/index1a90.html]
[thegleep.com/index3eca.html]
[thegleep.com/indexc042.html]
[thegleep.com/index7e6a.html]
[thegleep.com/index2699.html]
[thegleep.com/indexc08f.html]
[thegleep.com/index1628.html]
[thegleep.com/index3569.html]
[thegleep.com/indexded7.html]
[thegleep.com/index332f.html]
[thegleep.com/indexb84b.html]
[thegleep.com/indexa414.html]
[thegleep.com/index1cfc.html]
[thegleep.com/index44f7.html]
[thegleep.com/index3d6b.html]
[thegleep.com/index08f1.html]
[thegleep.com/index8225.html]
[thegleep.com/index8a07.html]
[thegleep.com/index45dd.html]
[thegleep.com/index2b33.html]
[thegleep.com/index9a61.html]
[thegleep.com/index2d50.html]
[thegleep.com/indexe997.html]
[thegleep.com/index0eec.html]
[thegleep.com/index90c7.html]
[thegleep.com/index5441.html]
[thegleep.com/index6efd.html]
[thegleep.com/index7809.html]
[thegleep.com/indexf417.html]
[thegleep.com/index195d.html]
[thegleep.com/index0d33.html]
[thegleep.com/index96a9.html]
[thegleep.com/index102a-2.html]
[thegleep.com/indexf2c5.html]
[thegleep.com/indexddd4.html]
[thegleep.com/indexb072.html]
[thegleep.com/indexf35f.html]
[thegleep.com/indexdfa1.html]
[thegleep.com/index6bfb.html]
[thegleep.com/index0b40.html]
[thegleep.com/indexe109.html]
[thegleep.com/index9932.html]
[thegleep.com/index042b.html]
[thegleep.com/index881d.html]
[thegleep.com/indexc2a7.html]
[thegleep.com/index5b80.html]
[thegleep.com/index4e5a.html]
[thegleep.com/images/Fallhaven.gif]
